// Jest Snapshot v1, https://goo.gl/fbAQLP

exports[`BookList rendering snapShot: should render BookList 1`] = `
<DocumentFragment>
  <div
    class="books"
  >
    <h2>
      Recommendation of the day
    </h2>
    <h3 />
    <div
      class="booksContainer"
      data-testid="booksContainer"
    />
  </div>
</DocumentFragment>
`;
