// Jest Snapshot v1, https://goo.gl/fbAQLP

exports[` snapchot: renders book title and author 1`] = `
<DocumentFragment>
  <div
    class="bookcard--grid bookcard--natural"
  >
    <img
      alt="bookImage"
      class="boocard__Image"
      height="326px"
      width="288px"
    />
    <header
      class="bookcard__header"
    >
      <h3
        class="booktitle"
        title="Book Title"
      >
        The Great Gatsby
      </h3>
      <h3
        class="bookauthor"
      >
        by: F. Scott Fitzgerald
      </h3>
    </header>
    <footer
      class="bookcard__footer--flex"
    >
      <h2
        class="OpinionLoading"
      >
        Loading...
      </h2>
      <button
        class="button bookCard__RateButton"
      >
        Rate this book
      </button>
    </footer>
  </div>
</DocumentFragment>
`;
